// Jest Snapshot v1, https://goo.gl/fbAQLP

exports[`UI renders 1`] = `"<svg></svg>"`;

exports[`UI renders a simple SVG 1`] = `"<svg xmlns=\\"http://www.w3.org/2000/svg\\" viewBox=\\"0 0 100 100\\"><circle cx=\\"50\\" cy=\\"50\\" r=\\"40\\" stroke=\\"red\\" stroke-width=\\"5\\" fill=\\"blue\\"></circle></svg>"`;

exports[`UI renders an example SVG 1`] = `"<svg xmlns=\\"http://www.w3.org/2000/svg\\" xmlns:xlink=\\"http://www.w3.org/1999/xlink\\" preserveAspectRatio=\\"none\\" width=\\"300\\" height=\\"300\\"><lineargradient id=\\"g1\\" x1=\\"0\\" y1=\\"0\\" x2=\\"1\\" y2=\\"1\\"><stop stop-color=\\"red\\"></stop><stop offset=\\"100%\\" stop-color=\\"green\\"></stop></lineargradient><lineargradient id=\\"g2\\" x1=\\"0.5\\" y1=\\"0\\" x2=\\"0.5\\" y2=\\"1\\"><stop stop-color=\\"green\\"></stop><stop offset=\\"100%\\" stop-color=\\"yellow\\"></stop></lineargradient><lineargradient id=\\"g3\\" x1=\\"1\\" y1=\\"0\\" x2=\\"0\\" y2=\\"1\\"><stop stop-color=\\"yellow\\"></stop><stop offset=\\"100%\\" stop-color=\\"blue\\"></stop></lineargradient><lineargradient id=\\"g4\\" x1=\\"1\\" y1=\\"1\\" x2=\\"0\\" y2=\\"0\\"><stop stop-color=\\"blue\\"></stop><stop offset=\\"100%\\" stop-color=\\"cyan\\"></stop></lineargradient><lineargradient id=\\"g5\\" x1=\\"0.5\\" y1=\\"1\\" x2=\\"0.5\\" y2=\\"0\\"><stop stop-color=\\"cyan\\"></stop><stop offset=\\"100%\\" stop-color=\\"magenta\\"></stop></lineargradient><lineargradient id=\\"g6\\" x1=\\"0\\" y1=\\"1\\" x2=\\"1\\" y2=\\"0\\"><stop stop-color=\\"magenta\\"></stop><stop offset=\\"100%\\" stop-color=\\"red\\"></stop></lineargradient><path fill=\\"none\\" stroke=\\"url(#g1)\\" stroke-width=\\"10\\" d=\\"M150 10 a120 120 0 0 1 103.9230 60\\"></path><path fill=\\"none\\" stroke=\\"url(#g2)\\" stroke-width=\\"10\\" d=\\"M253.9230 70 a120 120 0 0 1 0 120\\"></path><path fill=\\"none\\" stroke=\\"url(#g3)\\" stroke-width=\\"10\\" d=\\"M253.9230 190 a120 120 0 0 1 -103.9230 60\\"></path><path fill=\\"none\\" stroke=\\"url(#g4)\\" stroke-width=\\"10\\" d=\\"M150 250 a120 120 0 0 1 -103.9230 -60\\"></path><path fill=\\"none\\" stroke=\\"url(#g5)\\" stroke-width=\\"10\\" d=\\"M46.077 190 a120 120 0 0 1 0 -120\\"></path><path fill=\\"none\\" stroke=\\"url(#g6)\\" stroke-width=\\"10\\" d=\\"M46.077 70 a120 120 0 0 1 103.9230 -60\\"></path></svg>"`;
