// Jest Snapshot v1, https://goo.gl/fbAQLP

exports[`UI renders 1`] = `""`;
